// Jest Snapshot v1, https://goo.gl/fbAQLP

exports[`throws an error when run in node environment 1`] = `"\`feather.replace()\` only works in a browser environment."`;
