// Jest Snapshot v1, https://goo.gl/fbAQLP

exports[`combineClassNames should retuns a string of classNames 1`] = `"item1 item2 item3 item4 item5 item6 item7 item8 item9"`;
