// Vitest Snapshot v1, https://vitest.dev/guide/snapshot.html

exports[`Using LucideProvider > should render the icon with LucideProvider 1`] = `
<svg
  class="lucide lucide-icon lucide-house"
  fill="none"
  height="48"
  stroke="red"
  stroke-linecap="round"
  stroke-linejoin="round"
  stroke-width="2"
  viewBox="0 0 24 24"
  width="48"
  xmlns="http://www.w3.org/2000/svg"
>
  <path
    d="M15 21v-8a1 1 0 0 0-1-1h-4a1 1 0 0 0-1 1v8"
    key="5wwlr5"
  />
  <path
    d="M3 10a2 2 0 0 1 .709-1.528l7-6a2 2 0 0 1 2.582 0l7 6A2 2 0 0 1 21 10v9a2 2 0 0 1-2 2H5a2 2 0 0 1-2-2z"
    key="r6nss1"
  />
</svg>
`;
