// Vitest Snapshot v1

exports[`Using lucide icon components > should adjust the size, stroke color and stroke width 1`] = `"<svg xmlns=\\"http://www.w3.org/2000/svg\\" width=\\"48\\" height=\\"48\\" viewBox=\\"0 0 24 24\\" fill=\\"none\\" stroke=\\"red\\" stroke-width=\\"4\\" stroke-linecap=\\"round\\" stroke-linejoin=\\"round\\" class=\\"lucide lucide-grid \\" data-testid=\\"grid-icon\\"><rect x=\\"3\\" y=\\"3\\" width=\\"18\\" height=\\"18\\" rx=\\"2\\" ry=\\"2\\" key=\\"maln0c\\"></rect><line x1=\\"3\\" y1=\\"9\\" x2=\\"21\\" y2=\\"9\\" key=\\"1uch6j\\"></line><line x1=\\"3\\" y1=\\"15\\" x2=\\"21\\" y2=\\"15\\" key=\\"1xojw2\\"></line><line x1=\\"9\\" y1=\\"3\\" x2=\\"9\\" y2=\\"21\\" key=\\"nvcl17\\"></line><line x1=\\"15\\" y1=\\"3\\" x2=\\"15\\" y2=\\"21\\" key=\\"jcv93v\\"></line></svg>"`;

exports[`Using lucide icon components > should render an component 1`] = `"<svg xmlns=\\"http://www.w3.org/2000/svg\\" width=\\"24\\" height=\\"24\\" viewBox=\\"0 0 24 24\\" fill=\\"none\\" stroke=\\"currentColor\\" stroke-width=\\"2\\" stroke-linecap=\\"round\\" stroke-linejoin=\\"round\\" class=\\"lucide lucide-grid \\"><rect x=\\"3\\" y=\\"3\\" width=\\"18\\" height=\\"18\\" rx=\\"2\\" ry=\\"2\\" key=\\"maln0c\\"></rect><line x1=\\"3\\" y1=\\"9\\" x2=\\"21\\" y2=\\"9\\" key=\\"1uch6j\\"></line><line x1=\\"3\\" y1=\\"15\\" x2=\\"21\\" y2=\\"15\\" key=\\"1xojw2\\"></line><line x1=\\"9\\" y1=\\"3\\" x2=\\"9\\" y2=\\"21\\" key=\\"nvcl17\\"></line><line x1=\\"15\\" y1=\\"3\\" x2=\\"15\\" y2=\\"21\\" key=\\"jcv93v\\"></line></svg>"`;
