// Jest Snapshot v1, https://goo.gl/fbAQLP

exports[`createIcons should add custom attributes 1`] = `"<svg xmlns=\\"http://www.w3.org/2000/svg\\" width=\\"24\\" height=\\"24\\" viewBox=\\"0 0 24 24\\" fill=\\"black\\" stroke=\\"currentColor\\" stroke-width=\\"2\\" stroke-linecap=\\"round\\" stroke-linejoin=\\"round\\" icon-name=\\"volume-2\\" class=\\"lucide icon custom-class\\"><polygon points=\\"11 5 6 9 2 9 2 15 6 15 11 19 11 5\\"></polygon><path d=\\"M19.07 4.93a10 10 0 010 14.14M15.54 8.46a5 5 0 010 7.07\\"></path></svg>"`;

exports[`createIcons should read elements from DOM and replace it with icons 1`] = `"<svg xmlns=\\"http://www.w3.org/2000/svg\\" width=\\"24\\" height=\\"24\\" viewBox=\\"0 0 24 24\\" fill=\\"none\\" stroke=\\"currentColor\\" stroke-width=\\"2\\" stroke-linecap=\\"round\\" stroke-linejoin=\\"round\\" icon-name=\\"volume-2\\" class=\\"lucide\\"><polygon points=\\"11 5 6 9 2 9 2 15 6 15 11 19 11 5\\"></polygon><path d=\\"M19.07 4.93a10 10 0 010 14.14M15.54 8.46a5 5 0 010 7.07\\"></path></svg>"`;
